115.231.78.8 - - [11/Feb/2025:05:38:13 +0000] "GET /robots.txt HTTP/1.1" 301 562 "-" "Mozilla/5.0 (Windows NT 6.1; WOW64) AppleWebKit/537.36 (KHTML, like Gecko) Chrome/63.0.3239.132 Safari/537.36 QIHU 360SE"
216.244.66.201 - - [11/Feb/2025:06:07:32 +0000] "GET /robots.txt HTTP/1.1" 301 553 "-" "Mozilla/5.0 (compatible; DotBot/1.2; +https://opensiteexplorer.org/dotbot; help@moz.com)"
115.231.78.8 - - [11/Feb/2025:06:08:26 +0000] "GET / HTTP/1.1" 301 592 "-" "Mozilla/5.0 (Windows NT 6.1) AppleWebKit/537.36 (KHTML, like Gecko) Chrome/71.0.2623.112 Safari/537.36"
115.231.78.8 - - [11/Feb/2025:06:08:30 +0000] "GET / HTTP/1.1" 301 536 "-" "Mozilla/5.0 (Windows NT 6.1; WOW64) AppleWebKit/537.36 (KHTML, like Gecko) Chrome/63.0.3239.132 Safari/537.36 QIHU 360SE"
115.231.78.8 - - [11/Feb/2025:06:08:32 +0000] "GET /favicon.ico HTTP/1.1" 301 558 "-" "Mozilla/5.0 (Windows NT 6.1; WOW64) AppleWebKit/537.36 (KHTML, like Gecko) Chrome/63.0.3239.132 Safari/537.36 QIHU 360SE"
115.231.78.8 - - [11/Feb/2025:06:08:35 +0000] "GET /robots.txt HTTP/1.1" 301 556 "-" "Mozilla/5.0 (Windows NT 6.1; WOW64) AppleWebKit/537.36 (KHTML, like Gecko) Chrome/63.0.3239.132 Safari/537.36 QIHU 360SE"
203.2.64.59 - - [11/Feb/2025:06:28:41 +0000] "GET / HTTP/1.1" 301 552 "-" "Mozilla/5.0 (iPhone; CPU iPhone OS 13_2_3 like Mac OS X) AppleWebKit/605.1.15 (KHTML, like Gecko) Version/13.0.3 Mobile/15E148 Safari/604.1"
216.244.66.201 - - [11/Feb/2025:06:55:26 +0000] "GET /robots.txt HTTP/1.1" 301 553 "-" "Mozilla/5.0 (compatible; DotBot/1.2; +https://opensiteexplorer.org/dotbot; help@moz.com)"
92.255.85.164 - - [11/Feb/2025:07:16:20 +0000] "GET / HTTP/1.0" 301 540 "http://victorcorral.com/" "Mozilla/5.0 (Windows NT 10.0; Win64; x64) AppleWebKit/537.36 (KHTML, like Gecko) Chrome/131.0.0.0 Safari/537.36 Avast/131.0.0.0"
103.82.240.139 - - [11/Feb/2025:07:29:28 +0000] "GET / HTTP/1.1" 301 577 "-" "Mozilla/5.0 (Windows NT 10.0; Win64; x64) AppleWebKit/537.36 (KHTML, like Gecko) Chrome/78.0.3904.108 Safari/537.36"
216.244.66.201 - - [11/Feb/2025:08:33:03 +0000] "GET /robots.txt HTTP/1.1" 301 553 "-" "Mozilla/5.0 (compatible; DotBot/1.2; +https://opensiteexplorer.org/dotbot; help@moz.com)"
66.249.66.16 - - [11/Feb/2025:10:43:17 +0000] "GET /robots.txt HTTP/1.1" 301 609 "-" "Mozilla/5.0 (compatible; Googlebot/2.1; +http://www.google.com/bot.html)"
66.249.66.17 - - [11/Feb/2025:10:43:18 +0000] "GET / HTTP/1.1" 301 589 "-" "Mozilla/5.0 (Linux; Android 6.0.1; Nexus 5X Build/MMB29P) AppleWebKit/537.36 (KHTML, like Gecko) Chrome/132.0.6834.159 Mobile Safari/537.36 (compatible; Googlebot/2.1; +http://www.google.com/bot.html)"
121.229.185.160 - - [11/Feb/2025:11:33:41 +0000] "GET / HTTP/1.1" 301 540 "-" "Mozilla/5.0 (iPhone; CPU iPhone OS 13_2_3 like Mac OS X) AppleWebKit/605.1.15 (KHTML, like Gecko) Version/13.0.3 Mobile/15E148 Safari/604.1"
149.56.150.144 - - [11/Feb/2025:11:41:58 +0000] "GET / HTTP/1.1" 301 589 "-" "Mozilla/5.0 (compatible; Dataprovider.com)"
149.56.150.177 - - [11/Feb/2025:11:42:35 +0000] "GET / HTTP/1.1" 301 589 "-" "Mozilla/5.0 (compatible; Dataprovider.com)"
128.199.251.40 - - [11/Feb/2025:14:31:37 +0000] "GET / HTTP/1.1" 301 577 "-" "Mozilla/5.0 (Windows NT 10.0; Win64; x64) AppleWebKit/537.36 (KHTML, like Gecko) Chrome/78.0.3904.108 Safari/537.36"
66.249.66.89 - - [11/Feb/2025:16:28:44 +0000] "GET /robots.txt HTTP/1.1" 301 597 "-" "Mozilla/5.0 (compatible; Googlebot/2.1; +http://www.google.com/bot.html)"
66.249.66.64 - - [11/Feb/2025:16:28:44 +0000] "GET / HTTP/1.1" 301 577 "-" "Mozilla/5.0 (Linux; Android 6.0.1; Nexus 5X Build/MMB29P) AppleWebKit/537.36 (KHTML, like Gecko) Chrome/132.0.6834.159 Mobile Safari/537.36 (compatible; Googlebot/2.1; +http://www.google.com/bot.html)"
52.54.133.251 - - [11/Feb/2025:16:56:08 +0000] "HEAD /wordpress HTTP/1.1" 301 194 "-" "Mozilla/5.0 (Windows NT 10.0; Win64; x64) AppleWebKit/537.36 (KHTML, like Gecko) Chrome/74.0.3729.169 Safari/537.36"
52.54.133.251 - - [11/Feb/2025:16:56:09 +0000] "HEAD / HTTP/1.1" 301 185 "-" "Mozilla/5.0 (Windows NT 10.0; Win64; x64) AppleWebKit/537.36 (KHTML, like Gecko) Chrome/74.0.3729.169 Safari/537.36"
52.54.133.251 - - [11/Feb/2025:16:56:09 +0000] "HEAD /wp HTTP/1.1" 301 187 "-" "Mozilla/5.0 (Windows NT 10.0; Win64; x64) AppleWebKit/537.36 (KHTML, like Gecko) Chrome/74.0.3729.169 Safari/537.36"
52.54.133.251 - - [11/Feb/2025:16:56:10 +0000] "HEAD /bc HTTP/1.1" 301 187 "-" "Mozilla/5.0 (Windows NT 10.0; Win64; x64) AppleWebKit/537.36 (KHTML, like Gecko) Chrome/74.0.3729.169 Safari/537.36"
52.54.133.251 - - [11/Feb/2025:16:56:10 +0000] "HEAD /bk HTTP/1.1" 301 187 "-" "Mozilla/5.0 (Windows NT 10.0; Win64; x64) AppleWebKit/537.36 (KHTML, like Gecko) Chrome/74.0.3729.169 Safari/537.36"
52.54.133.251 - - [11/Feb/2025:16:56:11 +0000] "HEAD /backup HTTP/1.1" 301 191 "-" "Mozilla/5.0 (Windows NT 10.0; Win64; x64) AppleWebKit/537.36 (KHTML, like Gecko) Chrome/74.0.3729.169 Safari/537.36"
52.54.133.251 - - [11/Feb/2025:16:56:11 +0000] "HEAD /old HTTP/1.1" 301 188 "-" "Mozilla/5.0 (Windows NT 10.0; Win64; x64) AppleWebKit/537.36 (KHTML, like Gecko) Chrome/74.0.3729.169 Safari/537.36"
52.54.133.251 - - [11/Feb/2025:16:56:11 +0000] "HEAD /new HTTP/1.1" 301 188 "-" "Mozilla/5.0 (Windows NT 10.0; Win64; x64) AppleWebKit/537.36 (KHTML, like Gecko) Chrome/74.0.3729.169 Safari/537.36"
52.54.133.251 - - [11/Feb/2025:16:56:11 +0000] "HEAD /main HTTP/1.1" 301 189 "-" "Mozilla/5.0 (Windows NT 10.0; Win64; x64) AppleWebKit/537.36 (KHTML, like Gecko) Chrome/74.0.3729.169 Safari/537.36"
52.54.133.251 - - [11/Feb/2025:16:56:12 +0000] "HEAD /home HTTP/1.1" 301 189 "-" "Mozilla/5.0 (Windows NT 10.0; Win64; x64) AppleWebKit/537.36 (KHTML, like Gecko) Chrome/74.0.3729.169 Safari/537.36"
216.244.66.201 - - [11/Feb/2025:17:31:26 +0000] "GET /robots.txt HTTP/1.1" 301 541 "-" "Mozilla/5.0 (compatible; DotBot/1.2; +https://opensiteexplorer.org/dotbot; help@moz.com)"
194.26.192.169 - - [11/Feb/2025:19:14:52 +0000] "GET / HTTP/1.1" 301 577 "-" "Mozilla/5.0 (Windows NT 10.0; Win64; x64) AppleWebKit/537.36 (KHTML, like Gecko) Chrome/89.0.4389.114 Safari/537.36"
182.42.105.144 - - [11/Feb/2025:21:48:49 +0000] "GET / HTTP/1.1" 301 540 "-" "Mozilla/5.0 (iPhone; CPU iPhone OS 13_2_3 like Mac OS X) AppleWebKit/605.1.15 (KHTML, like Gecko) Version/13.0.3 Mobile/15E148 Safari/604.1"
111.180.202.140 - - [11/Feb/2025:21:50:50 +0000] "GET /admin/_Style/AspCms_TemplateAdd.asp?action=addfile HTTP/1.1" 301 677 "http://victorcorral.com/admin/_Style/AspCms_TemplateAdd.asp?action=addfile" "Mozilla/5.0 (compatible; MSIE 9.0; Windows NT 6.1; Win64; x64; Trident/5.0)"
216.244.66.201 - - [11/Feb/2025:22:41:18 +0000] "GET /robots.txt HTTP/1.1" 301 553 "-" "Mozilla/5.0 (compatible; DotBot/1.2; +https://opensiteexplorer.org/dotbot; help@moz.com)"
43.135.142.7 - - [11/Feb/2025:22:48:03 +0000] "GET / HTTP/1.1" 301 552 "-" "Mozilla/5.0 (iPhone; CPU iPhone OS 13_2_3 like Mac OS X) AppleWebKit/605.1.15 (KHTML, like Gecko) Version/13.0.3 Mobile/15E148 Safari/604.1"
216.244.66.201 - - [11/Feb/2025:23:27:55 +0000] "GET /robots.txt HTTP/1.1" 301 541 "-" "Mozilla/5.0 (compatible; DotBot/1.2; +https://opensiteexplorer.org/dotbot; help@moz.com)"
52.54.133.251 - - [11/Feb/2025:23:52:26 +0000] "HEAD /wordpress HTTP/1.1" 301 194 "-" "Mozilla/5.0 (Windows NT 10.0; Win64; x64) AppleWebKit/537.36 (KHTML, like Gecko) Chrome/74.0.3729.169 Safari/537.36"
52.54.133.251 - - [11/Feb/2025:23:52:27 +0000] "HEAD / HTTP/1.1" 301 185 "-" "Mozilla/5.0 (Windows NT 10.0; Win64; x64) AppleWebKit/537.36 (KHTML, like Gecko) Chrome/74.0.3729.169 Safari/537.36"
52.54.133.251 - - [11/Feb/2025:23:52:28 +0000] "HEAD /wp HTTP/1.1" 301 187 "-" "Mozilla/5.0 (Windows NT 10.0; Win64; x64) AppleWebKit/537.36 (KHTML, like Gecko) Chrome/74.0.3729.169 Safari/537.36"
52.54.133.251 - - [11/Feb/2025:23:52:28 +0000] "HEAD /bc HTTP/1.1" 301 187 "-" "Mozilla/5.0 (Windows NT 10.0; Win64; x64) AppleWebKit/537.36 (KHTML, like Gecko) Chrome/74.0.3729.169 Safari/537.36"
52.54.133.251 - - [11/Feb/2025:23:52:28 +0000] "HEAD /bk HTTP/1.1" 301 187 "-" "Mozilla/5.0 (Windows NT 10.0; Win64; x64) AppleWebKit/537.36 (KHTML, like Gecko) Chrome/74.0.3729.169 Safari/537.36"
52.54.133.251 - - [11/Feb/2025:23:52:29 +0000] "HEAD /backup HTTP/1.1" 301 191 "-" "Mozilla/5.0 (Windows NT 10.0; Win64; x64) AppleWebKit/537.36 (KHTML, like Gecko) Chrome/74.0.3729.169 Safari/537.36"
52.54.133.251 - - [11/Feb/2025:23:52:29 +0000] "HEAD /old HTTP/1.1" 301 188 "-" "Mozilla/5.0 (Windows NT 10.0; Win64; x64) AppleWebKit/537.36 (KHTML, like Gecko) Chrome/74.0.3729.169 Safari/537.36"
52.54.133.251 - - [11/Feb/2025:23:52:29 +0000] "HEAD /new HTTP/1.1" 301 188 "-" "Mozilla/5.0 (Windows NT 10.0; Win64; x64) AppleWebKit/537.36 (KHTML, like Gecko) Chrome/74.0.3729.169 Safari/537.36"
52.54.133.251 - - [11/Feb/2025:23:52:30 +0000] "HEAD /main HTTP/1.1" 301 189 "-" "Mozilla/5.0 (Windows NT 10.0; Win64; x64) AppleWebKit/537.36 (KHTML, like Gecko) Chrome/74.0.3729.169 Safari/537.36"
52.54.133.251 - - [11/Feb/2025:23:52:30 +0000] "HEAD /home HTTP/1.1" 301 189 "-" "Mozilla/5.0 (Windows NT 10.0; Win64; x64) AppleWebKit/537.36 (KHTML, like Gecko) Chrome/74.0.3729.169 Safari/537.36"
194.38.23.16 - - [12/Feb/2025:01:03:25 +0000] "GET /wp-content/themes/lightspeed/framework/_scripts/valums_uploader/php.php HTTP/1.1" 301 719 "-" "ALittle Client"
216.244.66.201 - - [12/Feb/2025:01:04:53 +0000] "GET /robots.txt HTTP/1.1" 301 553 "-" "Mozilla/5.0 (compatible; DotBot/1.2; +https://opensiteexplorer.org/dotbot; help@moz.com)"
104.207.33.214 - - [12/Feb/2025:02:39:18 +0000] "GET / HTTP/1.1" 301 577 "-" "Mozilla/5.0 (Linux x86_64; rv:114.0) Gecko/20100101 Firefox/114.0"
114.80.36.40 - - [12/Feb/2025:02:52:09 +0000] "GET / HTTP/1.1" 301 552 "-" "Mozilla/5.0 (iPhone; CPU iPhone OS 13_2_3 like Mac OS X) AppleWebKit/605.1.15 (KHTML, like Gecko) Version/13.0.3 Mobile/15E148 Safari/604.1"
63.141.250.250 - - [12/Feb/2025:03:06:22 +0000] "GET / HTTP/1.1" 301 552 "-" "Mozilla/5.0 (Windows NT 6.1; Win64; x64; rv:47.0) Gecko/20100101 Firefox/47.0"
216.244.66.201 - - [12/Feb/2025:03:37:18 +0000] "GET /robots.txt HTTP/1.1" 301 541 "-" "Mozilla/5.0 (compatible; DotBot/1.2; +https://opensiteexplorer.org/dotbot; help@moz.com)"
206.168.34.37 - - [12/Feb/2025:04:52:34 +0000] "GET / HTTP/1.1" 301 536 "-" "Mozilla/5.0 (compatible; CensysInspect/1.1; +https://about.censys.io/)"
94.156.166.218 - - [12/Feb/2025:05:37:12 +0000] "GET / HTTP/1.1" 301 577 "-" "Mozilla/5.0 (Windows NT 10.0; Win64; x64) AppleWebKit/537.36 (KHTML, like Gecko) Chrome/89.0.4389.114 Safari/537.36"
52.54.133.251 - - [12/Feb/2025:06:26:56 +0000] "HEAD /wordpress HTTP/1.1" 301 194 "-" "Mozilla/5.0 (Windows NT 10.0; Win64; x64) AppleWebKit/537.36 (KHTML, like Gecko) Chrome/74.0.3729.169 Safari/537.36"
52.54.133.251 - - [12/Feb/2025:06:26:57 +0000] "HEAD / HTTP/1.1" 301 185 "-" "Mozilla/5.0 (Windows NT 10.0; Win64; x64) AppleWebKit/537.36 (KHTML, like Gecko) Chrome/74.0.3729.169 Safari/537.36"
52.54.133.251 - - [12/Feb/2025:06:26:58 +0000] "HEAD /wp HTTP/1.1" 301 187 "-" "Mozilla/5.0 (Windows NT 10.0; Win64; x64) AppleWebKit/537.36 (KHTML, like Gecko) Chrome/74.0.3729.169 Safari/537.36"
52.54.133.251 - - [12/Feb/2025:06:26:58 +0000] "HEAD /bc HTTP/1.1" 301 187 "-" "Mozilla/5.0 (Windows NT 10.0; Win64; x64) AppleWebKit/537.36 (KHTML, like Gecko) Chrome/74.0.3729.169 Safari/537.36"
52.54.133.251 - - [12/Feb/2025:06:26:58 +0000] "HEAD /bk HTTP/1.1" 301 187 "-" "Mozilla/5.0 (Windows NT 10.0; Win64; x64) AppleWebKit/537.36 (KHTML, like Gecko) Chrome/74.0.3729.169 Safari/537.36"
52.54.133.251 - - [12/Feb/2025:06:26:59 +0000] "HEAD /backup HTTP/1.1" 301 191 "-" "Mozilla/5.0 (Windows NT 10.0; Win64; x64) AppleWebKit/537.36 (KHTML, like Gecko) Chrome/74.0.3729.169 Safari/537.36"
52.54.133.251 - - [12/Feb/2025:06:26:59 +0000] "HEAD /old HTTP/1.1" 301 188 "-" "Mozilla/5.0 (Windows NT 10.0; Win64; x64) AppleWebKit/537.36 (KHTML, like Gecko) Chrome/74.0.3729.169 Safari/537.36"
52.54.133.251 - - [12/Feb/2025:06:26:59 +0000] "HEAD /new HTTP/1.1" 301 188 "-" "Mozilla/5.0 (Windows NT 10.0; Win64; x64) AppleWebKit/537.36 (KHTML, like Gecko) Chrome/74.0.3729.169 Safari/537.36"
52.54.133.251 - - [12/Feb/2025:06:27:00 +0000] "HEAD /main HTTP/1.1" 301 189 "-" "Mozilla/5.0 (Windows NT 10.0; Win64; x64) AppleWebKit/537.36 (KHTML, like Gecko) Chrome/74.0.3729.169 Safari/537.36"
52.54.133.251 - - [12/Feb/2025:06:27:00 +0000] "HEAD /home HTTP/1.1" 301 189 "-" "Mozilla/5.0 (Windows NT 10.0; Win64; x64) AppleWebKit/537.36 (KHTML, like Gecko) Chrome/74.0.3729.169 Safari/537.36"
159.65.152.73 - - [12/Feb/2025:06:31:48 +0000] "GET /wp-admin/css/ HTTP/1.1" 301 603 "binance.com" "Mozilla/5.0 (Windows NT 10.0; Win64; x64) AppleWebKit/537.36 (KHTML, like Gecko) Chrome/90.0.4430.85 Safari/537.36"
159.65.152.73 - - [12/Feb/2025:06:32:06 +0000] "GET /.well-known/ HTTP/1.1" 301 601 "binance.com" "Mozilla/5.0 (Windows NT 10.0; Win64; x64) AppleWebKit/537.36 (KHTML, like Gecko) Chrome/90.0.4430.85 Safari/537.36"
159.65.152.73 - - [12/Feb/2025:06:32:39 +0000] "GET /sites/default/files/ HTTP/1.1" 301 617 "binance.com" "Mozilla/5.0 (Windows NT 10.0; Win64; x64) AppleWebKit/537.36 (KHTML, like Gecko) Chrome/90.0.4430.85 Safari/537.36"
159.65.152.73 - - [12/Feb/2025:06:32:55 +0000] "GET /admin/controller/extension/extension/ HTTP/1.1" 301 651 "binance.com" "Mozilla/5.0 (Windows NT 10.0; Win64; x64) AppleWebKit/537.36 (KHTML, like Gecko) Chrome/90.0.4430.85 Safari/537.36"
159.65.152.73 - - [12/Feb/2025:06:33:14 +0000] "GET /uploads/ HTTP/1.1" 301 593 "binance.com" "Mozilla/5.0 (Windows NT 10.0; Win64; x64) AppleWebKit/537.36 (KHTML, like Gecko) Chrome/90.0.4430.85 Safari/537.36"
159.65.152.73 - - [12/Feb/2025:06:33:36 +0000] "GET /images/ HTTP/1.1" 301 591 "binance.com" "Mozilla/5.0 (Windows NT 10.0; Win64; x64) AppleWebKit/537.36 (KHTML, like Gecko) Chrome/90.0.4430.85 Safari/537.36"
159.65.152.73 - - [12/Feb/2025:06:33:53 +0000] "GET /files/ HTTP/1.1" 301 589 "binance.com" "Mozilla/5.0 (Windows NT 10.0; Win64; x64) AppleWebKit/537.36 (KHTML, like Gecko) Chrome/90.0.4430.85 Safari/537.36"
45.135.95.25 - - [12/Feb/2025:06:38:16 +0000] "GET / HTTP/1.1" 301 527 "-" "Mozilla/5.0"
45.135.95.25 - - [12/Feb/2025:06:38:16 +0000] "GET / HTTP/1.1" 301 546 "-" "Go-http-client/1.1"
216.244.66.201 - - [12/Feb/2025:06:58:22 +0000] "GET /robots.txt HTTP/1.1" 301 541 "-" "Mozilla/5.0 (compatible; DotBot/1.2; +https://opensiteexplorer.org/dotbot; help@moz.com)"
128.199.251.40 - - [12/Feb/2025:07:36:51 +0000] "GET / HTTP/1.1" 301 577 "-" "Mozilla/5.0 (Windows NT 10.0; Win64; x64) AppleWebKit/537.36 (KHTML, like Gecko) Chrome/78.0.3904.108 Safari/537.36"
113.219.218.197 - - [12/Feb/2025:07:48:55 +0000] "GET / HTTP/1.1" 301 540 "-" "Mozilla/5.0 (iPhone; CPU iPhone OS 13_2_3 like Mac OS X) AppleWebKit/605.1.15 (KHTML, like Gecko) Version/13.0.3 Mobile/15E148 Safari/604.1"
216.244.66.201 - - [12/Feb/2025:08:31:01 +0000] "GET /robots.txt HTTP/1.1" 301 541 "-" "Mozilla/5.0 (compatible; DotBot/1.2; +https://opensiteexplorer.org/dotbot; help@moz.com)"
116.202.182.111 - - [12/Feb/2025:09:27:01 +0000] "GET /robots.txt HTTP/1.1" 301 556 "-" "SeobilityBot (SEO Tool; https://www.seobility.net/sites/bot.html)"
116.202.182.111 - - [12/Feb/2025:09:27:01 +0000] "GET / HTTP/1.1" 301 536 "-" "SeobilityBot (SEO Tool; https://www.seobility.net/sites/bot.html)"
116.202.182.111 - - [12/Feb/2025:09:29:19 +0000] "GET /robots.txt HTTP/1.1" 301 556 "-" "SeobilityBot (SEO Tool; https://www.seobility.net/sites/bot.html)"
116.202.182.111 - - [12/Feb/2025:09:29:19 +0000] "GET /nosotros HTTP/1.1" 301 552 "-" "SeobilityBot (SEO Tool; https://www.seobility.net/sites/bot.html)"
216.244.66.201 - - [12/Feb/2025:10:04:10 +0000] "GET /robots.txt HTTP/1.1" 301 541 "-" "Mozilla/5.0 (compatible; DotBot/1.2; +https://opensiteexplorer.org/dotbot; help@moz.com)"
116.202.182.111 - - [12/Feb/2025:10:51:07 +0000] "GET /robots.txt HTTP/1.1" 301 556 "-" "SeobilityBot (SEO Tool; https://www.seobility.net/sites/bot.html)"
116.202.182.111 - - [12/Feb/2025:10:51:07 +0000] "GET / HTTP/1.1" 301 536 "-" "SeobilityBot (SEO Tool; https://www.seobility.net/sites/bot.html)"
116.202.182.111 - - [12/Feb/2025:11:10:27 +0000] "GET /robots.txt HTTP/1.1" 301 556 "-" "SeobilityBot (SEO Tool; https://www.seobility.net/sites/bot.html)"
116.202.182.111 - - [12/Feb/2025:11:10:27 +0000] "GET / HTTP/1.1" 301 536 "-" "SeobilityBot (SEO Tool; https://www.seobility.net/sites/bot.html)"
116.202.182.111 - - [12/Feb/2025:11:28:38 +0000] "GET /robots.txt HTTP/1.1" 301 556 "-" "SeobilityBot (SEO Tool; https://www.seobility.net/sites/bot.html)"
116.202.182.111 - - [12/Feb/2025:11:28:38 +0000] "GET / HTTP/1.1" 301 536 "-" "SeobilityBot (SEO Tool; https://www.seobility.net/sites/bot.html)"
188.245.213.57 - - [12/Feb/2025:11:32:47 +0000] "GET /robots.txt HTTP/1.1" 301 556 "-" "SeobilityBot (SEO Tool; https://www.seobility.net/sites/bot.html)"
188.245.213.57 - - [12/Feb/2025:11:32:47 +0000] "GET / HTTP/1.1" 301 536 "-" "SeobilityBot (SEO Tool; https://www.seobility.net/sites/bot.html)"
188.245.77.46 - - [12/Feb/2025:11:44:36 +0000] "GET /robots.txt HTTP/1.1" 301 556 "-" "SeobilityBot (SEO Tool; https://www.seobility.net/sites/bot.html)"
188.245.77.46 - - [12/Feb/2025:11:44:36 +0000] "GET / HTTP/1.1" 301 536 "-" "SeobilityBot (SEO Tool; https://www.seobility.net/sites/bot.html)"
138.197.166.33 - - [12/Feb/2025:13:37:18 +0000] "GET / HTTP/1.1" 301 521 "-" "Mozilla/5.0 (compatible)"
138.197.166.33 - - [12/Feb/2025:13:37:18 +0000] "GET /ads.txt HTTP/1.1" 301 535 "-" "Mozilla/5.0 (compatible)"
216.244.66.201 - - [12/Feb/2025:16:39:22 +0000] "GET /robots.txt HTTP/1.1" 301 553 "-" "Mozilla/5.0 (compatible; DotBot/1.2; +https://opensiteexplorer.org/dotbot; help@moz.com)"
54.84.179.210 - - [12/Feb/2025:16:47:14 +0000] "HEAD /wordpress HTTP/1.1" 301 194 "-" "Mozilla/5.0 (Windows NT 10.0; Win64; x64) AppleWebKit/537.36 (KHTML, like Gecko) Chrome/74.0.3729.169 Safari/537.36"
54.84.179.210 - - [12/Feb/2025:16:47:15 +0000] "HEAD / HTTP/1.1" 301 185 "-" "Mozilla/5.0 (Windows NT 10.0; Win64; x64) AppleWebKit/537.36 (KHTML, like Gecko) Chrome/74.0.3729.169 Safari/537.36"
54.84.179.210 - - [12/Feb/2025:16:47:16 +0000] "HEAD /wp HTTP/1.1" 301 187 "-" "Mozilla/5.0 (Windows NT 10.0; Win64; x64) AppleWebKit/537.36 (KHTML, like Gecko) Chrome/74.0.3729.169 Safari/537.36"
54.84.179.210 - - [12/Feb/2025:16:47:16 +0000] "HEAD /bc HTTP/1.1" 301 187 "-" "Mozilla/5.0 (Windows NT 10.0; Win64; x64) AppleWebKit/537.36 (KHTML, like Gecko) Chrome/74.0.3729.169 Safari/537.36"
54.84.179.210 - - [12/Feb/2025:16:47:16 +0000] "HEAD /bk HTTP/1.1" 301 187 "-" "Mozilla/5.0 (Windows NT 10.0; Win64; x64) AppleWebKit/537.36 (KHTML, like Gecko) Chrome/74.0.3729.169 Safari/537.36"
54.84.179.210 - - [12/Feb/2025:16:47:17 +0000] "HEAD /backup HTTP/1.1" 301 191 "-" "Mozilla/5.0 (Windows NT 10.0; Win64; x64) AppleWebKit/537.36 (KHTML, like Gecko) Chrome/74.0.3729.169 Safari/537.36"
54.84.179.210 - - [12/Feb/2025:16:47:17 +0000] "HEAD /old HTTP/1.1" 301 188 "-" "Mozilla/5.0 (Windows NT 10.0; Win64; x64) AppleWebKit/537.36 (KHTML, like Gecko) Chrome/74.0.3729.169 Safari/537.36"
54.84.179.210 - - [12/Feb/2025:16:47:18 +0000] "HEAD /new HTTP/1.1" 301 188 "-" "Mozilla/5.0 (Windows NT 10.0; Win64; x64) AppleWebKit/537.36 (KHTML, like Gecko) Chrome/74.0.3729.169 Safari/537.36"
54.84.179.210 - - [12/Feb/2025:16:47:18 +0000] "HEAD /main HTTP/1.1" 301 189 "-" "Mozilla/5.0 (Windows NT 10.0; Win64; x64) AppleWebKit/537.36 (KHTML, like Gecko) Chrome/74.0.3729.169 Safari/537.36"
54.84.179.210 - - [12/Feb/2025:16:47:19 +0000] "HEAD /home HTTP/1.1" 301 189 "-" "Mozilla/5.0 (Windows NT 10.0; Win64; x64) AppleWebKit/537.36 (KHTML, like Gecko) Chrome/74.0.3729.169 Safari/537.36"
124.156.193.7 - - [12/Feb/2025:16:57:44 +0000] "GET / HTTP/1.1" 301 540 "-" "Mozilla/5.0 (iPhone; CPU iPhone OS 13_2_3 like Mac OS X) AppleWebKit/605.1.15 (KHTML, like Gecko) Version/13.0.3 Mobile/15E148 Safari/604.1"
46.228.199.158 - - [12/Feb/2025:17:17:39 +0000] "GET / HTTP/1.1" 301 521 "-" "Mozilla/5.0 (Windows NT 10.0; Win64; x64) AppleWebKit/537.36 (KHTML, like Gecko) Chrome/91.0.4472.114 Safari/537.36 Edg/91.0.864.54"
31.14.238.246 - - [12/Feb/2025:17:43:54 +0000] "GET / HTTP/1.1" 301 555 "-" "Mozilla/5.0 (Macintosh; Intel Mac OS X 10.15; rv:132.0) Gecko/20100101 Firefox/132.0"
116.202.182.111 - - [12/Feb/2025:17:44:53 +0000] "GET /robots.txt HTTP/1.1" 301 556 "-" "SeobilityBot (SEO Tool; https://www.seobility.net/sites/bot.html)"
116.202.182.111 - - [12/Feb/2025:17:44:53 +0000] "GET / HTTP/1.1" 301 536 "-" "SeobilityBot (SEO Tool; https://www.seobility.net/sites/bot.html)"
167.71.214.49 - - [12/Feb/2025:17:47:28 +0000] "GET /wp-includes/css/dashicons.min.css HTTP/1.1" 301 587 "-" "Apache/2.4.34 (Ubuntu) OpenSSL/1.1.1 (internal dummy connection)"
167.71.214.49 - - [12/Feb/2025:17:47:29 +0000] "GET /wordpress/wp-includes/css/dashicons.min.css HTTP/1.1" 301 607 "-" "Apache/2.4.34 (Ubuntu) OpenSSL/1.1.1 (internal dummy connection)"
116.202.182.111 - - [12/Feb/2025:17:48:05 +0000] "GET /robots.txt HTTP/1.1" 301 556 "-" "SeobilityBot (SEO Tool; https://www.seobility.net/sites/bot.html)"
116.202.182.111 - - [12/Feb/2025:17:48:05 +0000] "GET / HTTP/1.1" 301 536 "-" "SeobilityBot (SEO Tool; https://www.seobility.net/sites/bot.html)"
116.202.182.111 - - [12/Feb/2025:17:49:07 +0000] "GET / HTTP/1.1" 301 536 "-" "SeobilityBot (SEO Tool; https://www.seobility.net/sites/bot.html)"
216.244.66.201 - - [12/Feb/2025:19:01:33 +0000] "GET /robots.txt HTTP/1.1" 301 553 "-" "Mozilla/5.0 (compatible; DotBot/1.2; +https://opensiteexplorer.org/dotbot; help@moz.com)"
66.249.66.88 - - [12/Feb/2025:19:09:31 +0000] "GET /robots.txt HTTP/1.1" 301 597 "-" "Mozilla/5.0 (compatible; Googlebot/2.1; +http://www.google.com/bot.html)"
66.249.66.88 - - [12/Feb/2025:19:09:31 +0000] "GET / HTTP/1.1" 301 576 "-" "Mozilla/5.0 (Linux; Android 6.0.1; Nexus 5X Build/MMB29P) AppleWebKit/537.36 (KHTML, like Gecko) Chrome/132.0.6834.159 Mobile Safari/537.36 (compatible; Googlebot/2.1; +http://www.google.com/bot.html)"
164.90.227.109 - - [12/Feb/2025:19:31:39 +0000] "GET / HTTP/1.1" 301 521 "-" "Mozilla/5.0 (compatible)"
216.244.66.201 - - [12/Feb/2025:20:47:36 +0000] "GET /robots.txt HTTP/1.1" 301 541 "-" "Mozilla/5.0 (compatible; DotBot/1.2; +https://opensiteexplorer.org/dotbot; help@moz.com)"
34.146.20.135 - - [12/Feb/2025:20:52:03 +0000] "GET /wp-login.php HTTP/1.1" 301 564 "-" "Mozilla/5.0 (X11; Fedora; Linux x86_64; rv:94.0) Gecko/20100101 Firefox/95.0"
128.199.198.71 - - [12/Feb/2025:22:18:31 +0000] "GET / HTTP/1.1" 301 577 "-" "Mozilla/5.0 (Windows NT 10.0; Win64; x64) AppleWebKit/537.36 (KHTML, like Gecko) Chrome/78.0.3904.108 Safari/537.36"
182.42.105.85 - - [12/Feb/2025:22:50:47 +0000] "GET / HTTP/1.1" 301 552 "-" "Mozilla/5.0 (iPhone; CPU iPhone OS 13_2_3 like Mac OS X) AppleWebKit/605.1.15 (KHTML, like Gecko) Version/13.0.3 Mobile/15E148 Safari/604.1"
54.84.179.210 - - [12/Feb/2025:23:17:35 +0000] "HEAD /wordpress HTTP/1.1" 301 194 "-" "Mozilla/5.0 (Windows NT 10.0; Win64; x64) AppleWebKit/537.36 (KHTML, like Gecko) Chrome/74.0.3729.169 Safari/537.36"
54.84.179.210 - - [12/Feb/2025:23:17:36 +0000] "HEAD / HTTP/1.1" 301 185 "-" "Mozilla/5.0 (Windows NT 10.0; Win64; x64) AppleWebKit/537.36 (KHTML, like Gecko) Chrome/74.0.3729.169 Safari/537.36"
54.84.179.210 - - [12/Feb/2025:23:17:36 +0000] "HEAD /wp HTTP/1.1" 301 187 "-" "Mozilla/5.0 (Windows NT 10.0; Win64; x64) AppleWebKit/537.36 (KHTML, like Gecko) Chrome/74.0.3729.169 Safari/537.36"
54.84.179.210 - - [12/Feb/2025:23:17:36 +0000] "HEAD /bc HTTP/1.1" 301 187 "-" "Mozilla/5.0 (Windows NT 10.0; Win64; x64) AppleWebKit/537.36 (KHTML, like Gecko) Chrome/74.0.3729.169 Safari/537.36"
54.84.179.210 - - [12/Feb/2025:23:17:37 +0000] "HEAD /bk HTTP/1.1" 301 187 "-" "Mozilla/5.0 (Windows NT 10.0; Win64; x64) AppleWebKit/537.36 (KHTML, like Gecko) Chrome/74.0.3729.169 Safari/537.36"
54.84.179.210 - - [12/Feb/2025:23:17:37 +0000] "HEAD /backup HTTP/1.1" 301 191 "-" "Mozilla/5.0 (Windows NT 10.0; Win64; x64) AppleWebKit/537.36 (KHTML, like Gecko) Chrome/74.0.3729.169 Safari/537.36"
54.84.179.210 - - [12/Feb/2025:23:17:37 +0000] "HEAD /old HTTP/1.1" 301 188 "-" "Mozilla/5.0 (Windows NT 10.0; Win64; x64) AppleWebKit/537.36 (KHTML, like Gecko) Chrome/74.0.3729.169 Safari/537.36"
54.84.179.210 - - [12/Feb/2025:23:17:37 +0000] "HEAD /new HTTP/1.1" 301 188 "-" "Mozilla/5.0 (Windows NT 10.0; Win64; x64) AppleWebKit/537.36 (KHTML, like Gecko) Chrome/74.0.3729.169 Safari/537.36"
54.84.179.210 - - [12/Feb/2025:23:17:38 +0000] "HEAD /main HTTP/1.1" 301 189 "-" "Mozilla/5.0 (Windows NT 10.0; Win64; x64) AppleWebKit/537.36 (KHTML, like Gecko) Chrome/74.0.3729.169 Safari/537.36"
54.84.179.210 - - [12/Feb/2025:23:17:38 +0000] "HEAD /home HTTP/1.1" 301 189 "-" "Mozilla/5.0 (Windows NT 10.0; Win64; x64) AppleWebKit/537.36 (KHTML, like Gecko) Chrome/74.0.3729.169 Safari/537.36"
216.244.66.201 - - [13/Feb/2025:00:09:59 +0000] "GET /robots.txt HTTP/1.1" 301 553 "-" "Mozilla/5.0 (compatible; DotBot/1.2; +https://opensiteexplorer.org/dotbot; help@moz.com)"
180.102.134.69 - - [13/Feb/2025:03:39:31 +0000] "GET / HTTP/1.1" 301 540 "-" "Mozilla/5.0 (iPhone; CPU iPhone OS 13_2_3 like Mac OS X) AppleWebKit/605.1.15 (KHTML, like Gecko) Version/13.0.3 Mobile/15E148 Safari/604.1"
170.106.169.81 - - [13/Feb/2025:04:05:59 +0000] "GET / HTTP/1.1" 301 540 "-" "Mozilla/5.0 (X11; U; Linux x86_64; en-us) AppleWebKit/534.35 (KHTML, like Gecko) Chrome/11.0.696.65 Safari/534.35 Puffin/2.9174AT"
54.84.179.210 - - [13/Feb/2025:05:32:30 +0000] "HEAD /wordpress HTTP/1.1" 301 194 "-" "Mozilla/5.0 (Windows NT 10.0; Win64; x64) AppleWebKit/537.36 (KHTML, like Gecko) Chrome/74.0.3729.169 Safari/537.36"
54.84.179.210 - - [13/Feb/2025:05:32:31 +0000] "HEAD / HTTP/1.1" 301 185 "-" "Mozilla/5.0 (Windows NT 10.0; Win64; x64) AppleWebKit/537.36 (KHTML, like Gecko) Chrome/74.0.3729.169 Safari/537.36"
54.84.179.210 - - [13/Feb/2025:05:32:31 +0000] "HEAD /wp HTTP/1.1" 301 187 "-" "Mozilla/5.0 (Windows NT 10.0; Win64; x64) AppleWebKit/537.36 (KHTML, like Gecko) Chrome/74.0.3729.169 Safari/537.36"
54.84.179.210 - - [13/Feb/2025:05:32:31 +0000] "HEAD /bc HTTP/1.1" 301 187 "-" "Mozilla/5.0 (Windows NT 10.0; Win64; x64) AppleWebKit/537.36 (KHTML, like Gecko) Chrome/74.0.3729.169 Safari/537.36"
54.84.179.210 - - [13/Feb/2025:05:32:32 +0000] "HEAD /bk HTTP/1.1" 301 187 "-" "Mozilla/5.0 (Windows NT 10.0; Win64; x64) AppleWebKit/537.36 (KHTML, like Gecko) Chrome/74.0.3729.169 Safari/537.36"
54.84.179.210 - - [13/Feb/2025:05:32:32 +0000] "HEAD /backup HTTP/1.1" 301 191 "-" "Mozilla/5.0 (Windows NT 10.0; Win64; x64) AppleWebKit/537.36 (KHTML, like Gecko) Chrome/74.0.3729.169 Safari/537.36"
54.84.179.210 - - [13/Feb/2025:05:32:32 +0000] "HEAD /old HTTP/1.1" 301 188 "-" "Mozilla/5.0 (Windows NT 10.0; Win64; x64) AppleWebKit/537.36 (KHTML, like Gecko) Chrome/74.0.3729.169 Safari/537.36"
54.84.179.210 - - [13/Feb/2025:05:32:33 +0000] "HEAD /new HTTP/1.1" 301 188 "-" "Mozilla/5.0 (Windows NT 10.0; Win64; x64) AppleWebKit/537.36 (KHTML, like Gecko) Chrome/74.0.3729.169 Safari/537.36"
54.84.179.210 - - [13/Feb/2025:05:32:33 +0000] "HEAD /main HTTP/1.1" 301 189 "-" "Mozilla/5.0 (Windows NT 10.0; Win64; x64) AppleWebKit/537.36 (KHTML, like Gecko) Chrome/74.0.3729.169 Safari/537.36"
54.84.179.210 - - [13/Feb/2025:05:32:33 +0000] "HEAD /home HTTP/1.1" 301 189 "-" "Mozilla/5.0 (Windows NT 10.0; Win64; x64) AppleWebKit/537.36 (KHTML, like Gecko) Chrome/74.0.3729.169 Safari/537.36"
87.120.112.37 - - [13/Feb/2025:07:29:16 +0000] "GET /.env HTTP/1.1" 301 585 "-" "Mozilla/5.0 (X11; Linux x86_64) AppleWebKit/537.36 (KHTML, like Gecko) Chrome/81.0.4044.129 Safari/537.36"
87.120.112.37 - - [13/Feb/2025:07:29:16 +0000] "POST / HTTP/1.1" 301 577 "-" "Mozilla/5.0 (X11; Linux x86_64) AppleWebKit/537.36 (KHTML, like Gecko) Chrome/81.0.4044.129 Safari/537.36"
35.171.144.152 - - [13/Feb/2025:07:32:09 +0000] "GET / HTTP/1.1" 301 521 "-" "Mozilla/5.0 (Windows NT 10.0; Win64; x64) AppleWebKit/537.36 (KHTML, like Gecko) Chrome/100.0.4896.75 Safari/537.36"
54.88.179.33 - - [13/Feb/2025:07:32:09 +0000] "GET / HTTP/1.1" 301 533 "-" "Mozilla/5.0 (Windows NT 10.0; Win64; x64) AppleWebKit/537.36 (KHTML, like Gecko) Chrome/100.0.4896.75 Safari/537.36"
203.2.64.59 - - [13/Feb/2025:08:43:00 +0000] "GET / HTTP/1.1" 301 552 "-" "Mozilla/5.0 (iPhone; CPU iPhone OS 13_2_3 like Mac OS X) AppleWebKit/605.1.15 (KHTML, like Gecko) Version/13.0.3 Mobile/15E148 Safari/604.1"
66.249.66.88 - - [13/Feb/2025:09:11:13 +0000] "GET /robots.txt HTTP/1.1" 301 597 "-" "Mozilla/5.0 (compatible; Googlebot/2.1; +http://www.google.com/bot.html)"
66.249.66.89 - - [13/Feb/2025:09:11:14 +0000] "GET / HTTP/1.1" 301 577 "-" "Mozilla/5.0 (Linux; Android 6.0.1; Nexus 5X Build/MMB29P) AppleWebKit/537.36 (KHTML, like Gecko) Chrome/99.0.4844.84 Mobile Safari/537.36 (compatible; Googlebot/2.1; +http://www.google.com/bot.html)"
66.249.66.89 - - [13/Feb/2025:09:11:15 +0000] "GET / HTTP/1.1" 301 576 "-" "Mozilla/5.0 (compatible; Googlebot/2.1; +http://www.google.com/bot.html)"
87.236.176.234 - - [13/Feb/2025:09:19:17 +0000] "GET / HTTP/1.1" 301 540 "-" "Mozilla/5.0 (compatible; InternetMeasurement/1.0; +https://internet-measurement.com/)"
216.244.66.201 - - [13/Feb/2025:11:15:37 +0000] "GET /robots.txt HTTP/1.1" 301 541 "-" "Mozilla/5.0 (compatible; DotBot/1.2; +https://opensiteexplorer.org/dotbot; help@moz.com)"
124.156.193.7 - - [13/Feb/2025:11:38:37 +0000] "GET / HTTP/1.1" 301 552 "-" "Mozilla/5.0 (iPhone; CPU iPhone OS 13_2_3 like Mac OS X) AppleWebKit/605.1.15 (KHTML, like Gecko) Version/13.0.3 Mobile/15E148 Safari/604.1"
54.84.179.210 - - [13/Feb/2025:11:41:11 +0000] "HEAD /wordpress HTTP/1.1" 301 194 "-" "Mozilla/5.0 (Windows NT 10.0; Win64; x64) AppleWebKit/537.36 (KHTML, like Gecko) Chrome/74.0.3729.169 Safari/537.36"
54.84.179.210 - - [13/Feb/2025:11:41:12 +0000] "HEAD / HTTP/1.1" 301 185 "-" "Mozilla/5.0 (Windows NT 10.0; Win64; x64) AppleWebKit/537.36 (KHTML, like Gecko) Chrome/74.0.3729.169 Safari/537.36"
54.84.179.210 - - [13/Feb/2025:11:41:12 +0000] "HEAD /wp HTTP/1.1" 301 187 "-" "Mozilla/5.0 (Windows NT 10.0; Win64; x64) AppleWebKit/537.36 (KHTML, like Gecko) Chrome/74.0.3729.169 Safari/537.36"
54.84.179.210 - - [13/Feb/2025:11:41:13 +0000] "HEAD /bc HTTP/1.1" 301 187 "-" "Mozilla/5.0 (Windows NT 10.0; Win64; x64) AppleWebKit/537.36 (KHTML, like Gecko) Chrome/74.0.3729.169 Safari/537.36"
54.84.179.210 - - [13/Feb/2025:11:41:13 +0000] "HEAD /bk HTTP/1.1" 301 187 "-" "Mozilla/5.0 (Windows NT 10.0; Win64; x64) AppleWebKit/537.36 (KHTML, like Gecko) Chrome/74.0.3729.169 Safari/537.36"
54.84.179.210 - - [13/Feb/2025:11:41:13 +0000] "HEAD /backup HTTP/1.1" 301 191 "-" "Mozilla/5.0 (Windows NT 10.0; Win64; x64) AppleWebKit/537.36 (KHTML, like Gecko) Chrome/74.0.3729.169 Safari/537.36"
54.84.179.210 - - [13/Feb/2025:11:41:14 +0000] "HEAD /old HTTP/1.1" 301 188 "-" "Mozilla/5.0 (Windows NT 10.0; Win64; x64) AppleWebKit/537.36 (KHTML, like Gecko) Chrome/74.0.3729.169 Safari/537.36"
54.84.179.210 - - [13/Feb/2025:11:41:14 +0000] "HEAD /new HTTP/1.1" 301 188 "-" "Mozilla/5.0 (Windows NT 10.0; Win64; x64) AppleWebKit/537.36 (KHTML, like Gecko) Chrome/74.0.3729.169 Safari/537.36"
54.84.179.210 - - [13/Feb/2025:11:41:14 +0000] "HEAD /main HTTP/1.1" 301 189 "-" "Mozilla/5.0 (Windows NT 10.0; Win64; x64) AppleWebKit/537.36 (KHTML, like Gecko) Chrome/74.0.3729.169 Safari/537.36"
54.84.179.210 - - [13/Feb/2025:11:41:15 +0000] "HEAD /home HTTP/1.1" 301 189 "-" "Mozilla/5.0 (Windows NT 10.0; Win64; x64) AppleWebKit/537.36 (KHTML, like Gecko) Chrome/74.0.3729.169 Safari/537.36"
216.244.66.201 - - [13/Feb/2025:12:06:33 +0000] "GET /robots.txt HTTP/1.1" 301 541 "-" "Mozilla/5.0 (compatible; DotBot/1.2; +https://opensiteexplorer.org/dotbot; help@moz.com)"
182.44.10.67 - - [13/Feb/2025:13:39:57 +0000] "GET / HTTP/1.1" 301 540 "-" "Mozilla/5.0 (iPhone; CPU iPhone OS 13_2_3 like Mac OS X) AppleWebKit/605.1.15 (KHTML, like Gecko) Version/13.0.3 Mobile/15E148 Safari/604.1"
116.202.182.111 - - [13/Feb/2025:14:46:05 +0000] "GET /robots.txt HTTP/1.1" 301 556 "-" "SeobilityBot (SEO Tool; https://www.seobility.net/sites/bot.html)"
116.202.182.111 - - [13/Feb/2025:14:46:05 +0000] "GET / HTTP/1.1" 301 536 "-" "SeobilityBot (SEO Tool; https://www.seobility.net/sites/bot.html)"
116.202.182.111 - - [13/Feb/2025:14:47:56 +0000] "GET /robots.txt HTTP/1.1" 301 556 "-" "SeobilityBot (SEO Tool; https://www.seobility.net/sites/bot.html)"
116.202.182.111 - - [13/Feb/2025:14:47:56 +0000] "GET /productos HTTP/1.1" 301 554 "-" "SeobilityBot (SEO Tool; https://www.seobility.net/sites/bot.html)"
216.244.66.201 - - [13/Feb/2025:17:34:23 +0000] "GET /robots.txt HTTP/1.1" 301 541 "-" "Mozilla/5.0 (compatible; DotBot/1.2; +https://opensiteexplorer.org/dotbot; help@moz.com)"
216.244.66.201 - - [13/Feb/2025:17:34:23 +0000] "GET /robots.txt HTTP/1.1" 301 553 "-" "Mozilla/5.0 (compatible; DotBot/1.2; +https://opensiteexplorer.org/dotbot; help@moz.com)"
3.238.84.95 - - [13/Feb/2025:17:46:14 +0000] "HEAD /wordpress HTTP/1.1" 301 194 "-" "Mozilla/5.0 (Windows NT 10.0; Win64; x64) AppleWebKit/537.36 (KHTML, like Gecko) Chrome/74.0.3729.169 Safari/537.36"
3.238.84.95 - - [13/Feb/2025:17:46:15 +0000] "HEAD / HTTP/1.1" 301 185 "-" "Mozilla/5.0 (Windows NT 10.0; Win64; x64) AppleWebKit/537.36 (KHTML, like Gecko) Chrome/74.0.3729.169 Safari/537.36"
3.238.84.95 - - [13/Feb/2025:17:46:15 +0000] "HEAD /wp HTTP/1.1" 301 187 "-" "Mozilla/5.0 (Windows NT 10.0; Win64; x64) AppleWebKit/537.36 (KHTML, like Gecko) Chrome/74.0.3729.169 Safari/537.36"
3.238.84.95 - - [13/Feb/2025:17:46:16 +0000] "HEAD /bc HTTP/1.1" 301 187 "-" "Mozilla/5.0 (Windows NT 10.0; Win64; x64) AppleWebKit/537.36 (KHTML, like Gecko) Chrome/74.0.3729.169 Safari/537.36"
3.238.84.95 - - [13/Feb/2025:17:46:16 +0000] "HEAD /bk HTTP/1.1" 301 187 "-" "Mozilla/5.0 (Windows NT 10.0; Win64; x64) AppleWebKit/537.36 (KHTML, like Gecko) Chrome/74.0.3729.169 Safari/537.36"
3.238.84.95 - - [13/Feb/2025:17:46:16 +0000] "HEAD /backup HTTP/1.1" 301 191 "-" "Mozilla/5.0 (Windows NT 10.0; Win64; x64) AppleWebKit/537.36 (KHTML, like Gecko) Chrome/74.0.3729.169 Safari/537.36"
3.238.84.95 - - [13/Feb/2025:17:46:17 +0000] "HEAD /old HTTP/1.1" 301 188 "-" "Mozilla/5.0 (Windows NT 10.0; Win64; x64) AppleWebKit/537.36 (KHTML, like Gecko) Chrome/74.0.3729.169 Safari/537.36"
3.238.84.95 - - [13/Feb/2025:17:46:17 +0000] "HEAD /new HTTP/1.1" 301 188 "-" "Mozilla/5.0 (Windows NT 10.0; Win64; x64) AppleWebKit/537.36 (KHTML, like Gecko) Chrome/74.0.3729.169 Safari/537.36"
3.238.84.95 - - [13/Feb/2025:17:46:18 +0000] "HEAD /main HTTP/1.1" 301 189 "-" "Mozilla/5.0 (Windows NT 10.0; Win64; x64) AppleWebKit/537.36 (KHTML, like Gecko) Chrome/74.0.3729.169 Safari/537.36"
3.238.84.95 - - [13/Feb/2025:17:46:18 +0000] "HEAD /home HTTP/1.1" 301 189 "-" "Mozilla/5.0 (Windows NT 10.0; Win64; x64) AppleWebKit/537.36 (KHTML, like Gecko) Chrome/74.0.3729.169 Safari/537.36"
80.64.30.32 - - [13/Feb/2025:17:49:31 +0000] "GET / HTTP/1.1" 301 577 "https://google.com/" "Mozilla/5.0 (Windows NT 10.0; Win64; x64) AppleWebKit/537.36 (KHTML, like Gecko) Chrome/132.0.0.0 Safari/537.36"
119.96.24.54 - - [13/Feb/2025:18:49:44 +0000] "GET / HTTP/1.1" 301 552 "-" "Mozilla/5.0 (iPhone; CPU iPhone OS 13_2_3 like Mac OS X) AppleWebKit/605.1.15 (KHTML, like Gecko) Version/13.0.3 Mobile/15E148 Safari/604.1"
14.215.163.132 - - [13/Feb/2025:23:26:17 +0000] "GET / HTTP/1.1" 301 540 "-" "Mozilla/5.0 (iPhone; CPU iPhone OS 13_2_3 like Mac OS X) AppleWebKit/605.1.15 (KHTML, like Gecko) Version/13.0.3 Mobile/15E148 Safari/604.1"
216.244.66.201 - - [13/Feb/2025:23:40:38 +0000] "GET /robots.txt HTTP/1.1" 301 541 "-" "Mozilla/5.0 (compatible; DotBot/1.2; +https://opensiteexplorer.org/dotbot; help@moz.com)"
3.238.84.95 - - [14/Feb/2025:00:26:07 +0000] "HEAD /wordpress HTTP/1.1" 301 194 "-" "Mozilla/5.0 (Windows NT 10.0; Win64; x64) AppleWebKit/537.36 (KHTML, like Gecko) Chrome/74.0.3729.169 Safari/537.36"
3.238.84.95 - - [14/Feb/2025:00:26:08 +0000] "HEAD / HTTP/1.1" 301 185 "-" "Mozilla/5.0 (Windows NT 10.0; Win64; x64) AppleWebKit/537.36 (KHTML, like Gecko) Chrome/74.0.3729.169 Safari/537.36"
3.238.84.95 - - [14/Feb/2025:00:26:09 +0000] "HEAD /wp HTTP/1.1" 301 187 "-" "Mozilla/5.0 (Windows NT 10.0; Win64; x64) AppleWebKit/537.36 (KHTML, like Gecko) Chrome/74.0.3729.169 Safari/537.36"
3.238.84.95 - - [14/Feb/2025:00:26:09 +0000] "HEAD /bc HTTP/1.1" 301 187 "-" "Mozilla/5.0 (Windows NT 10.0; Win64; x64) AppleWebKit/537.36 (KHTML, like Gecko) Chrome/74.0.3729.169 Safari/537.36"
3.238.84.95 - - [14/Feb/2025:00:26:09 +0000] "HEAD /bk HTTP/1.1" 301 187 "-" "Mozilla/5.0 (Windows NT 10.0; Win64; x64) AppleWebKit/537.36 (KHTML, like Gecko) Chrome/74.0.3729.169 Safari/537.36"
3.238.84.95 - - [14/Feb/2025:00:26:10 +0000] "HEAD /backup HTTP/1.1" 301 191 "-" "Mozilla/5.0 (Windows NT 10.0; Win64; x64) AppleWebKit/537.36 (KHTML, like Gecko) Chrome/74.0.3729.169 Safari/537.36"
3.238.84.95 - - [14/Feb/2025:00:26:10 +0000] "HEAD /old HTTP/1.1" 301 188 "-" "Mozilla/5.0 (Windows NT 10.0; Win64; x64) AppleWebKit/537.36 (KHTML, like Gecko) Chrome/74.0.3729.169 Safari/537.36"
3.238.84.95 - - [14/Feb/2025:00:26:10 +0000] "HEAD /new HTTP/1.1" 301 188 "-" "Mozilla/5.0 (Windows NT 10.0; Win64; x64) AppleWebKit/537.36 (KHTML, like Gecko) Chrome/74.0.3729.169 Safari/537.36"
3.238.84.95 - - [14/Feb/2025:00:26:11 +0000] "HEAD /main HTTP/1.1" 301 189 "-" "Mozilla/5.0 (Windows NT 10.0; Win64; x64) AppleWebKit/537.36 (KHTML, like Gecko) Chrome/74.0.3729.169 Safari/537.36"
3.238.84.95 - - [14/Feb/2025:00:26:11 +0000] "HEAD /home HTTP/1.1" 301 189 "-" "Mozilla/5.0 (Windows NT 10.0; Win64; x64) AppleWebKit/537.36 (KHTML, like Gecko) Chrome/74.0.3729.169 Safari/537.36"
194.38.23.16 - - [14/Feb/2025:01:42:26 +0000] "GET /wp-content/themes/nuance/functions/jwpanel/scripts/valums_uploader/php.php HTTP/1.1" 301 725 "-" "ALittle Client"
217.142.184.125 - - [14/Feb/2025:01:43:30 +0000] "GET / HTTP/1.1" 301 521 "-" "Mozilla/5.0 (Macintosh; Intel Mac OS X 10_15_7) AppleWebKit/537.36 (KHTML, like Gecko) Chrome/120.0.0.0 Safari/537.36"
217.142.184.125 - - [14/Feb/2025:01:43:32 +0000] "GET /_profiler/phpinfo HTTP/1.1" 301 555 "-" "Mozilla/5.0 (Macintosh; Intel Mac OS X 10_15_7) AppleWebKit/537.36 (KHTML, like Gecko) Chrome/120.0.0.0 Safari/537.36"
217.142.184.125 - - [14/Feb/2025:01:43:32 +0000] "GET /_profiler/phpinfo HTTP/1.1" 301 555 "-" "Mozilla/5.0 (Macintosh; Intel Mac OS X 10_15_7) AppleWebKit/537.36 (KHTML, like Gecko) Chrome/120.0.0.0 Safari/537.36"
217.142.184.125 - - [14/Feb/2025:01:43:33 +0000] "GET /phpinfo.php HTTP/1.1" 301 543 "-" "Mozilla/5.0 (Macintosh; Intel Mac OS X 10_15_7) AppleWebKit/537.36 (KHTML, like Gecko) Chrome/120.0.0.0 Safari/537.36"
217.142.184.125 - - [14/Feb/2025:01:43:34 +0000] "GET /phpinfo.php HTTP/1.1" 301 543 "-" "Mozilla/5.0 (Macintosh; Intel Mac OS X 10_15_7) AppleWebKit/537.36 (KHTML, like Gecko) Chrome/120.0.0.0 Safari/537.36"
217.142.184.125 - - [14/Feb/2025:01:43:35 +0000] "GET /phpinfo HTTP/1.1" 301 535 "-" "Mozilla/5.0 (Macintosh; Intel Mac OS X 10_15_7) AppleWebKit/537.36 (KHTML, like Gecko) Chrome/120.0.0.0 Safari/537.36"
217.142.184.125 - - [14/Feb/2025:01:43:35 +0000] "GET /phpinfo HTTP/1.1" 301 535 "-" "Mozilla/5.0 (Macintosh; Intel Mac OS X 10_15_7) AppleWebKit/537.36 (KHTML, like Gecko) Chrome/120.0.0.0 Safari/537.36"
217.142.184.125 - - [14/Feb/2025:01:43:36 +0000] "GET /info.php HTTP/1.1" 301 537 "-" "Mozilla/5.0 (Macintosh; Intel Mac OS X 10_15_7) AppleWebKit/537.36 (KHTML, like Gecko) Chrome/120.0.0.0 Safari/537.36"
217.142.184.125 - - [14/Feb/2025:01:43:37 +0000] "GET /info.php HTTP/1.1" 301 537 "-" "Mozilla/5.0 (Macintosh; Intel Mac OS X 10_15_7) AppleWebKit/537.36 (KHTML, like Gecko) Chrome/120.0.0.0 Safari/537.36"
217.142.184.125 - - [14/Feb/2025:01:43:38 +0000] "GET /php-info.php HTTP/1.1" 301 545 "-" "Mozilla/5.0 (Macintosh; Intel Mac OS X 10_15_7) AppleWebKit/537.36 (KHTML, like Gecko) Chrome/120.0.0.0 Safari/537.36"
217.142.184.125 - - [14/Feb/2025:01:43:38 +0000] "GET /php-info.php HTTP/1.1" 301 545 "-" "Mozilla/5.0 (Macintosh; Intel Mac OS X 10_15_7) AppleWebKit/537.36 (KHTML, like Gecko) Chrome/120.0.0.0 Safari/537.36"
217.142.184.125 - - [14/Feb/2025:01:43:39 +0000] "GET /karma.conf.json HTTP/1.1" 301 551 "-" "Mozilla/5.0 (Macintosh; Intel Mac OS X 10_15_7) AppleWebKit/537.36 (KHTML, like Gecko) Chrome/120.0.0.0 Safari/537.36"
217.142.184.125 - - [14/Feb/2025:01:43:40 +0000] "GET /karma.conf.json HTTP/1.1" 301 551 "-" "Mozilla/5.0 (Macintosh; Intel Mac OS X 10_15_7) AppleWebKit/537.36 (KHTML, like Gecko) Chrome/120.0.0.0 Safari/537.36"
217.142.184.125 - - [14/Feb/2025:01:43:41 +0000] "GET /.env HTTP/1.1" 301 529 "-" "Mozilla/5.0 (Macintosh; Intel Mac OS X 10_15_7) AppleWebKit/537.36 (KHTML, like Gecko) Chrome/120.0.0.0 Safari/537.36"
217.142.184.125 - - [14/Feb/2025:01:43:42 +0000] "GET /.env HTTP/1.1" 301 529 "-" "Mozilla/5.0 (Macintosh; Intel Mac OS X 10_15_7) AppleWebKit/537.36 (KHTML, like Gecko) Chrome/120.0.0.0 Safari/537.36"
217.142.184.125 - - [14/Feb/2025:01:43:42 +0000] "GET /ppinfo.php HTTP/1.1" 301 541 "-" "Mozilla/5.0 (Macintosh; Intel Mac OS X 10_15_7) AppleWebKit/537.36 (KHTML, like Gecko) Chrome/120.0.0.0 Safari/537.36"
217.142.184.125 - - [14/Feb/2025:01:43:43 +0000] "GET /ppinfo.php HTTP/1.1" 301 541 "-" "Mozilla/5.0 (Macintosh; Intel Mac OS X 10_15_7) AppleWebKit/537.36 (KHTML, like Gecko) Chrome/120.0.0.0 Safari/537.36"
217.142.184.125 - - [14/Feb/2025:01:43:44 +0000] "GET /admin/phpinfo.php HTTP/1.1" 301 555 "-" "Mozilla/5.0 (Macintosh; Intel Mac OS X 10_15_7) AppleWebKit/537.36 (KHTML, like Gecko) Chrome/120.0.0.0 Safari/537.36"
217.142.184.125 - - [14/Feb/2025:01:43:45 +0000] "GET /admin/phpinfo.php HTTP/1.1" 301 555 "-" "Mozilla/5.0 (Macintosh; Intel Mac OS X 10_15_7) AppleWebKit/537.36 (KHTML, like Gecko) Chrome/120.0.0.0 Safari/537.36"
217.142.184.125 - - [14/Feb/2025:01:43:45 +0000] "GET /backend/web/phpinfo.php HTTP/1.1" 301 567 "-" "Mozilla/5.0 (Macintosh; Intel Mac OS X 10_15_7) AppleWebKit/537.36 (KHTML, like Gecko) Chrome/120.0.0.0 Safari/537.36"
217.142.184.125 - - [14/Feb/2025:01:43:46 +0000] "GET /backend/web/phpinfo.php HTTP/1.1" 301 567 "-" "Mozilla/5.0 (Macintosh; Intel Mac OS X 10_15_7) AppleWebKit/537.36 (KHTML, like Gecko) Chrome/120.0.0.0 Safari/537.36"
217.142.184.125 - - [14/Feb/2025:01:43:47 +0000] "GET /public/phpinfo.php HTTP/1.1" 301 557 "-" "Mozilla/5.0 (Macintosh; Intel Mac OS X 10_15_7) AppleWebKit/537.36 (KHTML, like Gecko) Chrome/120.0.0.0 Safari/537.36"
217.142.184.125 - - [14/Feb/2025:01:43:48 +0000] "GET /public/phpinfo.php HTTP/1.1" 301 557 "-" "Mozilla/5.0 (Macintosh; Intel Mac OS X 10_15_7) AppleWebKit/537.36 (KHTML, like Gecko) Chrome/120.0.0.0 Safari/537.36"
217.142.184.125 - - [14/Feb/2025:01:43:48 +0000] "GET /api/.env HTTP/1.1" 301 537 "-" "Mozilla/5.0 (Macintosh; Intel Mac OS X 10_15_7) AppleWebKit/537.36 (KHTML, like Gecko) Chrome/120.0.0.0 Safari/537.36"
217.142.184.125 - - [14/Feb/2025:01:43:49 +0000] "GET /api/.env HTTP/1.1" 301 537 "-" "Mozilla/5.0 (Macintosh; Intel Mac OS X 10_15_7) AppleWebKit/537.36 (KHTML, like Gecko) Chrome/120.0.0.0 Safari/537.36"
217.142.184.125 - - [14/Feb/2025:01:43:50 +0000] "GET /tool/phpinfo.php HTTP/1.1" 301 553 "-" "Mozilla/5.0 (Macintosh; Intel Mac OS X 10_15_7) AppleWebKit/537.36 (KHTML, like Gecko) Chrome/120.0.0.0 Safari/537.36"
217.142.184.125 - - [14/Feb/2025:01:43:50 +0000] "GET /tool/phpinfo.php HTTP/1.1" 301 553 "-" "Mozilla/5.0 (Macintosh; Intel Mac OS X 10_15_7) AppleWebKit/537.36 (KHTML, like Gecko) Chrome/120.0.0.0 Safari/537.36"
217.142.184.125 - - [14/Feb/2025:01:43:51 +0000] "GET /admin/.env HTTP/1.1" 301 541 "-" "Mozilla/5.0 (Macintosh; Intel Mac OS X 10_15_7) AppleWebKit/537.36 (KHTML, like Gecko) Chrome/120.0.0.0 Safari/537.36"
217.142.184.125 - - [14/Feb/2025:01:43:52 +0000] "GET /admin/.env HTTP/1.1" 301 541 "-" "Mozilla/5.0 (Macintosh; Intel Mac OS X 10_15_7) AppleWebKit/537.36 (KHTML, like Gecko) Chrome/120.0.0.0 Safari/537.36"
217.142.184.125 - - [14/Feb/2025:01:43:53 +0000] "GET /server_info.php HTTP/1.1" 301 551 "-" "Mozilla/5.0 (Macintosh; Intel Mac OS X 10_15_7) AppleWebKit/537.36 (KHTML, like Gecko) Chrome/120.0.0.0 Safari/537.36"
217.142.184.125 - - [14/Feb/2025:01:43:53 +0000] "GET /server_info.php HTTP/1.1" 301 551 "-" "Mozilla/5.0 (Macintosh; Intel Mac OS X 10_15_7) AppleWebKit/537.36 (KHTML, like Gecko) Chrome/120.0.0.0 Safari/537.36"
217.142.184.125 - - [14/Feb/2025:01:43:54 +0000] "GET /admincontrol/sys_phpinfo.php HTTP/1.1" 301 577 "-" "Mozilla/5.0 (Macintosh; Intel Mac OS X 10_15_7) AppleWebKit/537.36 (KHTML, like Gecko) Chrome/120.0.0.0 Safari/537.36"
217.142.184.125 - - [14/Feb/2025:01:43:55 +0000] "GET /admincontrol/sys_phpinfo.php HTTP/1.1" 301 577 "-" "Mozilla/5.0 (Macintosh; Intel Mac OS X 10_15_7) AppleWebKit/537.36 (KHTML, like Gecko) Chrome/120.0.0.0 Safari/537.36"
129.213.94.27 - - [14/Feb/2025:02:34:47 +0000] "GET /wp-content/plugins/hellopress/wp_filemanager.php HTTP/1.1" 301 617 "-" "-"
129.213.94.27 - - [14/Feb/2025:02:34:48 +0000] "GET /403.php HTTP/1.1" 301 535 "-" "-"
129.213.94.27 - - [14/Feb/2025:02:34:48 +0000] "GET /content.php HTTP/1.1" 301 543 "-" "-"
129.213.94.27 - - [14/Feb/2025:02:34:48 +0000] "GET /wp-content/plugins/not/includes/about.php HTTP/1.1" 301 603 "-" "-"
129.213.94.27 - - [14/Feb/2025:02:34:48 +0000] "GET /wp-content/plugins/simple/simple.php HTTP/1.1" 301 593 "-" "-"
129.213.94.27 - - [14/Feb/2025:02:34:48 +0000] "GET /wp-content/plugins/wp-theme-editor/include.php HTTP/1.1" 301 613 "-" "-"
129.213.94.27 - - [14/Feb/2025:02:34:49 +0000] "GET /wp-content/themes/aahana/json.php HTTP/1.1" 301 587 "-" "-"
129.213.94.27 - - [14/Feb/2025:02:34:49 +0000] "GET /admin.php HTTP/1.1" 301 539 "-" "-"
129.213.94.27 - - [14/Feb/2025:02:34:49 +0000] "GET /wp-content/plugins/awesome-coming-soon/come.php HTTP/1.1" 301 615 "-" "-"
129.213.94.27 - - [14/Feb/2025:02:34:49 +0000] "GET /wp-content/plugins/wp-conflg.php HTTP/1.1" 301 585 "-" "-"
129.213.94.27 - - [14/Feb/2025:02:34:50 +0000] "GET /berlin.php HTTP/1.1" 301 541 "-" "-"
129.213.94.27 - - [14/Feb/2025:02:34:50 +0000] "GET /wp-includes/Requests/about.php HTTP/1.1" 301 581 "-" "-"
129.213.94.27 - - [14/Feb/2025:02:34:50 +0000] "GET /wp-includes/style-engine/about.php HTTP/1.1" 301 589 "-" "-"
129.213.94.27 - - [14/Feb/2025:02:34:50 +0000] "GET /wp-includes/rest-api/about.php HTTP/1.1" 301 581 "-" "-"
129.213.94.27 - - [14/Feb/2025:02:34:50 +0000] "GET /wp-includes/SimplePie/about.php HTTP/1.1" 301 583 "-" "-"
129.213.94.27 - - [14/Feb/2025:02:34:51 +0000] "GET /wp-content/banners/about.php HTTP/1.1" 301 577 "-" "-"
129.213.94.27 - - [14/Feb/2025:02:34:51 +0000] "GET /wp-content/about.php HTTP/1.1" 301 561 "-" "-"
129.213.94.27 - - [14/Feb/2025:02:34:51 +0000] "GET /.well-known/about.php HTTP/1.1" 301 563 "-" "-"
129.213.94.27 - - [14/Feb/2025:02:34:51 +0000] "GET /wp-includes/Text/about.php HTTP/1.1" 301 573 "-" "-"
129.213.94.27 - - [14/Feb/2025:02:34:52 +0000] "GET /wp-includes/ID3/about.php HTTP/1.1" 301 571 "-" "-"
129.213.94.27 - - [14/Feb/2025:02:34:52 +0000] "GET /img/about.php HTTP/1.1" 301 547 "-" "-"
129.213.94.27 - - [14/Feb/2025:02:34:52 +0000] "GET /wp-content/languages/about.php HTTP/1.1" 301 581 "-" "-"
129.213.94.27 - - [14/Feb/2025:02:34:52 +0000] "GET /wp-includes/customize/about.php HTTP/1.1" 301 583 "-" "-"
129.213.94.27 - - [14/Feb/2025:02:34:53 +0000] "GET /wp-includes.bak/html-api/about.php HTTP/1.1" 301 589 "-" "-"
129.213.94.27 - - [14/Feb/2025:02:34:53 +0000] "GET /wp-includes/widgets/about.php HTTP/1.1" 301 579 "-" "-"
129.213.94.27 - - [14/Feb/2025:02:34:53 +0000] "GET /wp-includes/IXR/about.php HTTP/1.1" 301 571 "-" "-"
129.213.94.27 - - [14/Feb/2025:02:34:53 +0000] "GET /wp-admin/js/about.php HTTP/1.1" 301 563 "-" "-"
129.213.94.27 - - [14/Feb/2025:02:34:54 +0000] "GET /.well-known/pki-validation/about.php HTTP/1.1" 301 593 "-" "-"
129.213.94.27 - - [14/Feb/2025:02:34:54 +0000] "GET /wp-includes/pomo/about.php HTTP/1.1" 301 573 "-" "-"
129.213.94.27 - - [14/Feb/2025:02:34:54 +0000] "GET /wp-includes/block-patterns/about.php HTTP/1.1" 301 593 "-" "-"
129.213.94.27 - - [14/Feb/2025:02:34:55 +0000] "GET /wp-content/updraft/about.php HTTP/1.1" 301 577 "-" "-"
129.213.94.27 - - [14/Feb/2025:02:34:55 +0000] "GET /wp-content/upgrade-temp-backup/about.php HTTP/1.1" 301 601 "-" "-"
129.213.94.27 - - [14/Feb/2025:02:34:55 +0000] "GET /wp-content/themes/about.php HTTP/1.1" 301 575 "-" "-"
129.213.94.27 - - [14/Feb/2025:02:34:55 +0000] "GET /wp-admin/includes/about.php HTTP/1.1" 301 575 "-" "-"
129.213.94.27 - - [14/Feb/2025:02:34:56 +0000] "GET /images/about.php HTTP/1.1" 301 553 "-" "-"
129.213.94.27 - - [14/Feb/2025:02:34:56 +0000] "GET /wp-content/blogs.dir/about.php HTTP/1.1" 301 581 "-" "-"
129.213.94.27 - - [14/Feb/2025:02:34:56 +0000] "GET /wp-includes/images/about.php HTTP/1.1" 301 577 "-" "-"
129.213.94.27 - - [14/Feb/2025:02:34:56 +0000] "GET /wp-includes/about.php HTTP/1.1" 301 563 "-" "-"
129.213.94.27 - - [14/Feb/2025:02:34:57 +0000] "GET /cgi-bin/about.php HTTP/1.1" 301 555 "-" "-"
129.213.94.27 - - [14/Feb/2025:02:34:57 +0000] "GET /wp-content/gallery/about.php HTTP/1.1" 301 577 "-" "-"
129.213.94.27 - - [14/Feb/2025:02:34:57 +0000] "GET /wp-includes/blocks/about.php HTTP/1.1" 301 577 "-" "-"
129.213.94.27 - - [14/Feb/2025:02:34:57 +0000] "GET /wp-admin/css/about.php HTTP/1.1" 301 565 "-" "-"
129.213.94.27 - - [14/Feb/2025:02:34:58 +0000] "GET /wp-admin/images/about.php HTTP/1.1" 301 571 "-" "-"
129.213.94.27 - - [14/Feb/2025:02:34:58 +0000] "GET /.well-known/pki-validation/cloud.php HTTP/1.1" 301 593 "-" "-"
129.213.94.27 - - [14/Feb/2025:02:34:58 +0000] "GET /.well-known/acme-challenge/cloud.php HTTP/1.1" 301 593 "-" "-"
129.213.94.27 - - [14/Feb/2025:02:34:58 +0000] "GET /wp-admin/network/cloud.php HTTP/1.1" 301 573 "-" "-"
129.213.94.27 - - [14/Feb/2025:02:34:59 +0000] "GET /cloud.php HTTP/1.1" 301 539 "-" "-"
129.213.94.27 - - [14/Feb/2025:02:34:59 +0000] "GET /cgi-bin/cloud.php HTTP/1.1" 301 555 "-" "-"
